[backblue.gif]
[fade.gif]
[index.html]
[demo.awaikenthemes.com/html-preview/artistic/images/favicon.png]
[demo.awaikenthemes.com/html-preview/artistic/images/why-choose-image.jpg]
[demo.awaikenthemes.com/html-preview/artistic/images/digital-features-img-1.jpg]
[demo.awaikenthemes.com/html-preview/artistic/images/digital-features-img-2.jpg]
[demo.awaikenthemes.com/html-preview/artistic/images/free-consultation-circle.png]
[demo.awaikenthemes.com/html-preview/artistic/images/project-1.jpg]
[demo.awaikenthemes.com/html-preview/artistic/images/project-2.jpg]
[demo.awaikenthemes.com/html-preview/artistic/images/project-3.jpg]
[demo.awaikenthemes.com/html-preview/artistic/images/project-4.jpg]
[demo.awaikenthemes.com/html-preview/artistic/images/project-5.jpg]
[demo.awaikenthemes.com/html-preview/artistic/images/project-6.jpg]
[demo.awaikenthemes.com/html-preview/artistic/images/satisfy-client-img-1.jpg]
[demo.awaikenthemes.com/html-preview/artistic/images/satisfy-client-img-2.jpg]
[demo.awaikenthemes.com/html-preview/artistic/images/satisfy-client-img-3.jpg]
[demo.awaikenthemes.com/html-preview/artistic/images/satisfy-client-img-4.jpg]
[demo.awaikenthemes.com/html-preview/artistic/images/satisfy-client-img-5.jpg]
[demo.awaikenthemes.com/html-preview/artistic/images/author-1.jpg]
[demo.awaikenthemes.com/html-preview/artistic/images/author-2.jpg]
[demo.awaikenthemes.com/html-preview/artistic/images/post-1.jpg]
[demo.awaikenthemes.com/html-preview/artistic/images/post-2.jpg]
[demo.awaikenthemes.com/html-preview/artistic/images/post-3.jpg]
[demo.awaikenthemes.com/html-preview/artistic/js/jquery-3.7.1.min.js]
[demo.awaikenthemes.com/html-preview/artistic/js/bootstrap.min.js]
[demo.awaikenthemes.com/html-preview/artistic/js/validator.min.js]
[demo.awaikenthemes.com/html-preview/artistic/js/jquery.slicknav.js]
[demo.awaikenthemes.com/html-preview/artistic/js/swiper-bundle.min.js]
[demo.awaikenthemes.com/html-preview/artistic/js/jquery.waypoints.min.js]
[demo.awaikenthemes.com/html-preview/artistic/js/jquery.counterup.min.js]
[demo.awaikenthemes.com/html-preview/artistic/js/isotope.min.js]
[demo.awaikenthemes.com/html-preview/artistic/js/jquery.magnific-popup.min.js]
[demo.awaikenthemes.com/html-preview/artistic/js/SmoothScroll.js]
[demo.awaikenthemes.com/html-preview/artistic/js/parallaxie.js]
[demo.awaikenthemes.com/html-preview/artistic/js/gsap.min.js]
[demo.awaikenthemes.com/html-preview/artistic/js/magiccursor.js]
[demo.awaikenthemes.com/html-preview/artistic/js/SplitText.js]
[demo.awaikenthemes.com/html-preview/artistic/js/ScrollTrigger.min.js]
[demo.awaikenthemes.com/html-preview/artistic/js/jquery.mb.YTPlayer.min.js]
[demo.awaikenthemes.com/html-preview/artistic/js/typed.js]
[demo.awaikenthemes.com/html-preview/artistic/js/wow.js]
[demo.awaikenthemes.com/html-preview/artistic/js/function.js]
[demo.awaikenthemes.com/assets/js/theme-panel.js]
[demo.awaikenthemes.com/html-preview/artistic/index.html]
[demo.awaikenthemes.com/html-preview/artistic/css/bootstrap.min.css]
[demo.awaikenthemes.com/html-preview/artistic/css/slicknav.min.css]
[demo.awaikenthemes.com/html-preview/artistic/css/swiper-bundle.min.css]
[demo.awaikenthemes.com/html-preview/artistic/webfonts/fa-brands-400.woff2]
[demo.awaikenthemes.com/html-preview/artistic/webfonts/fa-brands-400.ttf]
[demo.awaikenthemes.com/html-preview/artistic/webfonts/fa-regular-400.woff2]
[demo.awaikenthemes.com/html-preview/artistic/webfonts/fa-regular-400.ttf]
[demo.awaikenthemes.com/html-preview/artistic/webfonts/fa-solid-900.woff2]
[demo.awaikenthemes.com/html-preview/artistic/webfonts/fa-solid-900.ttf]
[demo.awaikenthemes.com/html-preview/artistic/webfonts/fa-v4compatibility.woff2]
[demo.awaikenthemes.com/html-preview/artistic/webfonts/fa-v4compatibility.ttf]
[demo.awaikenthemes.com/html-preview/artistic/css/all.css]
[demo.awaikenthemes.com/html-preview/artistic/css/animate.css]
[demo.awaikenthemes.com/html-preview/artistic/css/magnific-popup.css]
[demo.awaikenthemes.com/html-preview/artistic/css/mousecursor.css]
[demo.awaikenthemes.com/html-preview/artistic/images/section-bg-shape.png]
[demo.awaikenthemes.com/html-preview/artistic/images/hero-bg.jpg]
[demo.awaikenthemes.com/html-preview/artistic/images/hero-bg-2.jpg]
[demo.awaikenthemes.com/html-preview/artistic/images/about-agency-bg.png]
[demo.awaikenthemes.com/html-preview/artistic/images/why-choose-bg-shape.png]
[demo.awaikenthemes.com/html-preview/artistic/images/how-work-bg-shape.png]
[demo.awaikenthemes.com/html-preview/artistic/images/features-bg-shape.png]
[demo.awaikenthemes.com/html-preview/artistic/images/testimonial-bg-shape.png]
[demo.awaikenthemes.com/html-preview/artistic/images/agency-benefits-bg-shape.png]
[demo.awaikenthemes.com/html-preview/artistic/images/work-together-bg-shape.png]
[demo.awaikenthemes.com/html-preview/artistic/images/work-together-bg.png]
[demo.awaikenthemes.com/html-preview/artistic/images/work-together-bg-gradient.png]
[demo.awaikenthemes.com/html-preview/artistic/images/page-header-bg.jpg]
[demo.awaikenthemes.com/html-preview/artistic/images/who-we-are-counter-bg.png]
[demo.awaikenthemes.com/html-preview/artistic/css/custom.css]
[demo.awaikenthemes.com/html-preview/artistic/images/loader.svg]
[demo.awaikenthemes.com/html-preview/artistic/images/logo.svg]
[demo.awaikenthemes.com/html-preview/artistic/index-2.html]
[demo.awaikenthemes.com/html-preview/artistic/index-image.html]
[demo.awaikenthemes.com/html-preview/artistic/index-slider.html]
[demo.awaikenthemes.com/html-preview/artistic/images/our-mission-img.jpg]
[demo.awaikenthemes.com/html-preview/artistic/images/our-vision-img.jpg]
[demo.awaikenthemes.com/html-preview/artistic/images/our-value-img.jpg]
[demo.awaikenthemes.com/html-preview/artistic/images/experts-rating-video-bg.jpg]
[demo.awaikenthemes.com/html-preview/artistic/images/team-1.jpg]
[demo.awaikenthemes.com/html-preview/artistic/images/team-2.jpg]
[demo.awaikenthemes.com/html-preview/artistic/images/team-3.jpg]
[demo.awaikenthemes.com/html-preview/artistic/images/team-4.jpg]
[demo.awaikenthemes.com/html-preview/artistic/images/faq-img-1.jpg]
[demo.awaikenthemes.com/html-preview/artistic/images/faq-img-2.jpg]
[demo.awaikenthemes.com/html-preview/artistic/about.html]
[demo.awaikenthemes.com/html-preview/artistic/services.html]
[demo.awaikenthemes.com/html-preview/artistic/images/service-single-img.jpg]
[demo.awaikenthemes.com/html-preview/artistic/images/service-entry-img.jpg]
[demo.awaikenthemes.com/html-preview/artistic/images/service-process-step-1.jpg]
[demo.awaikenthemes.com/html-preview/artistic/images/service-process-step-2.jpg]
[demo.awaikenthemes.com/html-preview/artistic/images/service-process-step-3.jpg]
[demo.awaikenthemes.com/html-preview/artistic/service-single.html]
[demo.awaikenthemes.com/html-preview/artistic/images/post-4.jpg]
[demo.awaikenthemes.com/html-preview/artistic/images/post-5.jpg]
[demo.awaikenthemes.com/html-preview/artistic/images/post-6.jpg]
[demo.awaikenthemes.com/html-preview/artistic/blog.html]
[demo.awaikenthemes.com/html-preview/artistic/blog-single.html]
[demo.awaikenthemes.com/html-preview/artistic/images/project-7.jpg]
[demo.awaikenthemes.com/html-preview/artistic/images/project-8.jpg]
[demo.awaikenthemes.com/html-preview/artistic/images/project-9.jpg]
[demo.awaikenthemes.com/html-preview/artistic/projects.html]
[demo.awaikenthemes.com/html-preview/artistic/project-single.html]
[demo.awaikenthemes.com/html-preview/artistic/images/team-5.jpg]
[demo.awaikenthemes.com/html-preview/artistic/images/team-6.jpg]
[demo.awaikenthemes.com/html-preview/artistic/images/team-7.jpg]
[demo.awaikenthemes.com/html-preview/artistic/images/team-8.jpg]
[demo.awaikenthemes.com/html-preview/artistic/team.html]
[demo.awaikenthemes.com/html-preview/artistic/team-single.html]
[demo.awaikenthemes.com/html-preview/artistic/pricing.html]
[demo.awaikenthemes.com/html-preview/artistic/images/author-3.jpg]
[demo.awaikenthemes.com/html-preview/artistic/images/author-4.jpg]
[demo.awaikenthemes.com/html-preview/artistic/testimonial.html]
[demo.awaikenthemes.com/html-preview/artistic/images/gallery-1.jpg]
[demo.awaikenthemes.com/html-preview/artistic/images/gallery-2.jpg]
[demo.awaikenthemes.com/html-preview/artistic/images/gallery-3.jpg]
[demo.awaikenthemes.com/html-preview/artistic/images/gallery-4.jpg]
[demo.awaikenthemes.com/html-preview/artistic/images/gallery-5.jpg]
[demo.awaikenthemes.com/html-preview/artistic/images/gallery-6.jpg]
[demo.awaikenthemes.com/html-preview/artistic/images/gallery-7.jpg]
[demo.awaikenthemes.com/html-preview/artistic/images/gallery-8.jpg]
[demo.awaikenthemes.com/html-preview/artistic/images/gallery-9.jpg]
[demo.awaikenthemes.com/html-preview/artistic/image-gallery.html]
[demo.awaikenthemes.com/html-preview/artistic/video-gallery.html]
[demo.awaikenthemes.com/html-preview/artistic/faqs.html]
[demo.awaikenthemes.com/html-preview/artistic/images/404-error-img.png]
[demo.awaikenthemes.com/html-preview/artistic/404.html]
[demo.awaikenthemes.com/html-preview/artistic/contact.html]
[demo.awaikenthemes.com/html-preview/artistic/images/header-btn-dot.svg]
[demo.awaikenthemes.com/html-preview/artistic/images/icon-phone.svg]
[demo.awaikenthemes.com/html-preview/artistic/images/icon-mail.svg]
[demo.awaikenthemes.com/html-preview/artistic/images/icon-location.svg]
[demo.awaikenthemes.com/html-preview/artistic/images/learn-more-circle.svg]
[demo.awaikenthemes.com/html-preview/artistic/images/asterisk-icon.svg]
[demo.awaikenthemes.com/html-preview/artistic/images/icon-about-agency-1.svg]
[demo.awaikenthemes.com/html-preview/artistic/images/icon-about-agency-2.svg]
[demo.awaikenthemes.com/html-preview/artistic/images/icon-about-agency-3.svg]
[demo.awaikenthemes.com/html-preview/artistic/images/icon-about-agency-4.svg]
[demo.awaikenthemes.com/html-preview/artistic/images/icon-service-1.svg]
[demo.awaikenthemes.com/html-preview/artistic/images/arrow-accent.svg]
[demo.awaikenthemes.com/html-preview/artistic/images/icon-service-2.svg]
[demo.awaikenthemes.com/html-preview/artistic/images/icon-service-3.svg]
[demo.awaikenthemes.com/html-preview/artistic/images/arrow-white.svg]
[demo.awaikenthemes.com/html-preview/artistic/images/icon-work-process-1.svg]
[demo.awaikenthemes.com/html-preview/artistic/images/icon-work-process-2.svg]
[demo.awaikenthemes.com/html-preview/artistic/images/icon-work-process-3.svg]
[demo.awaikenthemes.com/html-preview/artistic/images/agency-supports-logo-1.svg]
[demo.awaikenthemes.com/html-preview/artistic/images/agency-supports-logo-2.svg]
[demo.awaikenthemes.com/html-preview/artistic/images/agency-supports-logo-3.svg]
[demo.awaikenthemes.com/html-preview/artistic/images/agency-supports-logo-4.svg]
[demo.awaikenthemes.com/html-preview/artistic/images/agency-supports-logo-5.svg]
[demo.awaikenthemes.com/html-preview/artistic/images/agency-supports-logo-6.svg]
[demo.awaikenthemes.com/html-preview/artistic/images/icon-testimonial-logo.svg]
[demo.awaikenthemes.com/html-preview/artistic/images/icon-testimonial-benefits-1.svg]
[demo.awaikenthemes.com/html-preview/artistic/images/icon-testimonial-benefits-2.svg]
[demo.awaikenthemes.com/html-preview/artistic/images/icon-testimonial-benefits-3.svg]
[demo.awaikenthemes.com/html-preview/artistic/images/icon-testimonial-benefits-4.svg]
[demo.awaikenthemes.com/html-preview/artistic/images/icon-benefits-steps-1.svg]
[demo.awaikenthemes.com/html-preview/artistic/images/icon-benefits-steps-2.svg]
[demo.awaikenthemes.com/html-preview/artistic/images/icon-benefits-steps-4.svg]
[demo.awaikenthemes.com/html-preview/artistic/images/arrow-dark.svg]
[demo.awaikenthemes.com/html-preview/artistic/images/footer-logo.svg]
[demo.awaikenthemes.com/html-preview/artistic/images/icon-sub-accent-heading.svg]
[demo.awaikenthemes.com/html-preview/artistic/images/dot-green-icon.svg]
[demo.awaikenthemes.com/html-preview/artistic/images/service-bg.svg]
[demo.awaikenthemes.com/html-preview/artistic/images/sidebar-cta-bg.svg]
[demo.awaikenthemes.com/html-preview/artistic/images/icon-blockquote.svg]
[demo.awaikenthemes.com/html-preview/artistic/images/icon-our-mission.svg]
[demo.awaikenthemes.com/html-preview/artistic/images/icon-our-vision.svg]
[demo.awaikenthemes.com/html-preview/artistic/images/icon-our-value.svg]
[demo.awaikenthemes.com/html-preview/artistic/images/icon-who-we-are-counter-1.svg]
[demo.awaikenthemes.com/html-preview/artistic/images/icon-who-we-are-counter-3.svg]
[demo.awaikenthemes.com/html-preview/artistic/images/icon-who-we-are-counter-2.svg]
[demo.awaikenthemes.com/html-preview/artistic/images/icon-who-we-are-counter-4.svg]
[demo.awaikenthemes.com/html-preview/artistic/images/company-logo-1.svg]
[demo.awaikenthemes.com/html-preview/artistic/images/company-logo-2.svg]
[demo.awaikenthemes.com/html-preview/artistic/images/company-logo-3.svg]
[demo.awaikenthemes.com/html-preview/artistic/images/company-logo-4.svg]
[demo.awaikenthemes.com/html-preview/artistic/images/company-logo-5.svg]
[demo.awaikenthemes.com/html-preview/artistic/images/company-logo-6.svg]
[demo.awaikenthemes.com/html-preview/artistic/images/faq-cta-phone.svg]
[demo.awaikenthemes.com/html-preview/artistic/images/icon-service-4.svg]
[demo.awaikenthemes.com/html-preview/artistic/images/icon-service-5.svg]
[demo.awaikenthemes.com/html-preview/artistic/images/icon-service-6.svg]
[demo.awaikenthemes.com/html-preview/artistic/images/icon-service-process-step-1.svg]
[demo.awaikenthemes.com/html-preview/artistic/images/icon-service-process-step-2.svg]
[demo.awaikenthemes.com/html-preview/artistic/images/icon-service-process-step-3.svg]
[demo.awaikenthemes.com/html-preview/artistic/images/icon-sidebar-cta.svg]
[demo.awaikenthemes.com/html-preview/artistic/images/icon-sidebar-cta-phone.svg]
